<testsuites name="jest tests" tests="9" failures="0" time="6.430999999999999">
  <testsuite name="Search bar" errors="0" failures="0" skipped="0" timestamp="2022-08-11T17:24:38" time="1.513" tests="1">
    <testcase classname="Search bar Elementos existen" name="Search bar Elementos existen" time="0.057">
    </testcase>
  </testsuite>
  <testsuite name="Tabla de pokemones" errors="0" failures="0" skipped="0" timestamp="2022-08-11T17:24:38" time="1.635" tests="2">
    <testcase classname="Tabla de pokemones Elementos existen" name="Tabla de pokemones Elementos existen" time="0.036">
    </testcase>
    <testcase classname="Tabla de pokemones should have a new button to create a new pokemon" name="Tabla de pokemones should have a new button to create a new pokemon" time="0.052">
    </testcase>
  </testsuite>
  <testsuite name="Editar un pokemon" errors="0" failures="0" skipped="0" timestamp="2022-08-11T17:24:38" time="1.641" tests="3">
    <testcase classname="Editar un pokemon Elementos existen" name="Editar un pokemon Elementos existen" time="0.034">
    </testcase>
    <testcase classname="Editar un pokemon should have a cancel button to cancel the edit" name="Editar un pokemon should have a cancel button to cancel the edit" time="0.114">
    </testcase>
    <testcase classname="Editar un pokemon should have a button to save changes in current pokemon" name="Editar un pokemon should have a button to save changes in current pokemon" time="0.024">
    </testcase>
  </testsuite>
  <testsuite name="Crear un pokemon" errors="0" failures="0" skipped="0" timestamp="2022-08-11T17:24:38" time="1.642" tests="3">
    <testcase classname="Crear un pokemon Elementos existen" name="Crear un pokemon Elementos existen" time="0.029">
    </testcase>
    <testcase classname="Crear un pokemon should have a cancel button to cancel the creation" name="Crear un pokemon should have a cancel button to cancel the creation" time="0.085">
    </testcase>
    <testcase classname="Crear un pokemon should have a button to Create a pokemon" name="Crear un pokemon should have a button to Create a pokemon" time="0.033">
    </testcase>
  </testsuite>
</testsuites>